// Jest Snapshot v1, https://jestjs.io/docs/snapshot-testing

exports[`Probando GifItems Components Debe coincidir con el snapshot 1`] = `
<div>
  <div
    class="card"
  >
    <img
      alt="Title"
      src="https://example.com/"
    />
    <p>
      Title
    </p>
  </div>
</div>
`;
